Last login: Thu Jun 21 07:45:50 on ttys000
You have new mail.
wireless1x-168-122-10-217:~ kevin$ git config --global user.name "Kevin McLaughlin"
You have new mail in /var/mail/kevin
wireless1x-168-122-10-217:~ kevin$ git config --global user.email kevin.mclaughlin70@gmail.com
wireless1x-168-122-10-217:~ kevin$ git config --list
user.name=Kevin McLaughlin
user.email=kevin.mclaughlin70@gmail.com
You have new mail in /var/mail/kevin
wireless1x-168-122-10-217:~ kevin$ cd /Users/kevin/Desktop/10%\ Time/
You have new mail in /var/mail/kevin
wireless1x-168-122-10-217:10% Time kevin$ git init
Initialized empty Git repository in /Users/kevin/Desktop/10% Time/.git/
wireless1x-168-122-10-217:10% Time kevin$ git add imageoftheday.py
fatal: pathspec 'imageoftheday.py' did not match any files
You have new mail in /var/mail/kevin
wireless1x-168-122-10-217:10% Time kevin$ pwd
/Users/kevin/Desktop/10% Time
wireless1x-168-122-10-217:10% Time kevin$ cd /Users/kevin/Desktop/10%\ Time/Image_of_the_Day/
You have new mail in /var/mail/kevin
wireless1x-168-122-10-217:Image_of_the_Day kevin$ git init
Initialized empty Git repository in /Users/kevin/Desktop/10% Time/Image_of_the_Day/.git/
wireless1x-168-122-10-217:Image_of_the_Day kevin$ git add imageoftheday.py 
wireless1x-168-122-10-217:Image_of_the_Day kevin$ git add com.kmacapps.imageoftheday.plist 
You have new mail in /var/mail/kevin
wireless1x-168-122-10-217:Image_of_the_Day kevin$ git commit -m 'image of the day with plist'
[master (root-commit) 4dff92e] image of the day with plist
 2 files changed, 99 insertions(+)
 create mode 100644 com.kmacapps.imageoftheday.plist
 create mode 100755 imageoftheday.py
wireless1x-168-122-10-217:Image_of_the_Day kevin$ git clone git://github.com/ogier/ec311-project.git
Cloning into 'ec311-project'...
fatal: remote error: 
  Repository not found.
You have new mail in /var/mail/kevin
wireless1x-168-122-10-217:Image_of_the_Day kevin$ git clone https://github.com/ogier/ec311-project.git
Cloning into 'ec311-project'...
Username for 'https://github.com': kmclaugh
Password for 'https://kmclaugh@github.com': 
remote: Counting objects: 126, done.
remote: Compressing objects: 100% (96/96), done.
remote: Total 126 (delta 72), reused 84 (delta 30)
Receiving objects: 100% (126/126), 349.25 KiB, done.
Resolving deltas: 100% (72/72), done.
wireless1x-168-122-10-217:Image_of_the_Day kevin$ git status
# On branch master
# Untracked files:
#   (use "git add <file>..." to include in what will be committed)
#
#	ImageoftheDayinstall.py
#	Win7 Nat Geo notes.txt
#	currentimage copy.txt
#	desktop_test.py
#	ec311-project/
#	imageofthedayresettester.py
#	plistattempt.rtf
nothing added to commit but untracked files present (use "git add" to track)
You have new mail in /var/mail/kevin
wireless1x-168-122-10-217:Image_of_the_Day kevin$ git add imageofthedayresettester.py 
wireless1x-168-122-10-217:Image_of_the_Day kevin$ git commit -m 'add reset defualt image file for testing purposes'
[master 15865e8] add reset defualt image file for testing purposes
 1 file changed, 32 insertions(+)
 create mode 100644 imageofthedayresettester.py
wireless1x-168-122-10-217:Image_of_the_Day kevin$ git log
commit 15865e85d46bbd48f45767a4f31dfc577449205c
Author: Kevin McLaughlin <kevin.mclaughlin70@gmail.com>
Date:   Fri Jun 22 17:44:34 2012 -0400

    add reset defualt image file for testing purposes

commit 4dff92e10e7780cd9202d1af30914731679958d5
Author: Kevin McLaughlin <kevin.mclaughlin70@gmail.com>
Date:   Thu Jun 21 13:19:41 2012 -0400

    image of the day with plist
wireless1x-168-122-10-217:Image_of_the_Day kevin$ git remote
wireless1x-168-122-10-217:Image_of_the_Day kevin$ git remote add ImDay https://github.com/kmclaugh/Image_of_the_Day.git
wireless1x-168-122-10-217:Image_of_the_Day kevin$ git fetch ImDay
warning: no common commits
remote: Counting objects: 3, done.
remote: Compressing objects: 100% (2/2), done.
remote: Total 3 (delta 0), reused 0 (delta 0)
Unpacking objects: 100% (3/3), done.
From https://github.com/kmclaugh/Image_of_the_Day
 * [new branch]      master     -> ImDay/master
wireless1x-168-122-10-217:Image_of_the_Day kevin$ git push ImDay /Users/kevin/Desktop/10% Time/Image_of_the_Day/.git/
fatal: remote part of refspec is not a valid name in /Users/kevin/Desktop/10%
wireless1x-168-122-10-217:Image_of_the_Day kevin$ git push ImDay
Username for 'https://github.com': kmclaugh
Password for 'https://kmclaugh@github.com': 
To https://github.com/kmclaugh/Image_of_the_Day.git
 ! [rejected]        master -> master (non-fast-forward)
error: failed to push some refs to 'https://github.com/kmclaugh/Image_of_the_Day.git'
hint: Updates were rejected because the tip of your current branch is behind
hint: its remote counterpart. Merge the remote changes (e.g. 'git pull')
hint: before pushing again.
hint: See the 'Note about fast-forwards' in 'git push --help' for details.
wireless1x-168-122-10-217:Image_of_the_Day kevin$ git clone
You must specify a repository to clone.

usage: git clone [options] [--] <repo> [<dir>]

    -v, --verbose         be more verbose
    -q, --quiet           be more quiet
    --progress            force progress reporting
    -n, --no-checkout     don't create a checkout
    --bare                create a bare repository
    --mirror              create a mirror repository (implies bare)
    -l, --local           to clone from a local repository
    --no-hardlinks        don't use local hardlinks, always copy
    -s, --shared          setup as shared repository
    --recursive           initialize submodules in the clone
    --recurse-submodules  initialize submodules in the clone
    --template <template-directory>
                          directory from which templates will be used
    --reference <repo>    reference repository
    -o, --origin <name>   use <name> instead of 'origin' to track upstream
    -b, --branch <branch>
                          checkout <branch> instead of the remote's HEAD
    -u, --upload-pack <path>
                          path to git-upload-pack on the remote
    --depth <depth>       create a shallow clone of that depth
    --single-branch       clone only one branch, HEAD or --branch
    --separate-git-dir <gitdir>
                          separate git dir from working tree
    -c, --config <key=value>
                          set config inside the new repository

wireless1x-168-122-10-217:Image_of_the_Day kevin$ git pull
fatal: No remote repository specified.  Please, specify either a URL or a
remote name from which new revisions should be fetched.
wireless1x-168-122-10-217:Image_of_the_Day kevin$ git pull ImDay
You asked to pull from the remote 'ImDay', but did not specify
a branch. Because this is not the default configured remote
for your current branch, you must specify a branch on the command line.
wireless1x-168-122-10-217:Image_of_the_Day kevin$ git branch
* master
wireless1x-168-122-10-217:Image_of_the_Day kevin$ git pull ImDay master
From https://github.com/kmclaugh/Image_of_the_Day
 * branch            master     -> FETCH_HEAD
Merge made by the 'recursive' strategy.
 README.md | 4 ++++
 1 file changed, 4 insertions(+)
 create mode 100644 README.md
wireless1x-168-122-10-217:Image_of_the_Day kevin$ git push ImDay
Username for 'https://github.com': kmclaugh
Password for 'https://kmclaugh@github.com': 
Counting objects: 10, done.
Delta compression using up to 2 threads.
Compressing objects: 100% (9/9), done.
Writing objects: 100% (9/9), 2.26 KiB, done.
Total 9 (delta 3), reused 0 (delta 0)
To https://github.com/kmclaugh/Image_of_the_Day.git
   b00ba08..41dd261  master -> master
wireless1x-168-122-10-217:Image_of_the_Day kevin$ 